   ▲ Next.js 15.1.0

   Creating an optimized production build ...
.\node_modules\.bin\ne
xt.cmd : Failed to 
compile.
At line:1 char:1
+ .\node_modules\.bin\
next.cmd build > 
build_output.txt 2>&1
+ ~~~~~~~~~~~~~~~~~~~~
~~~~~~~~~~~~~~~~~~~~~~
~~~~~~~~~~~~~~~~
    + CategoryInfo    
          : NotSpeci  
  fied: (Failed to    
 compile.:String)     
[], RemoteExcepti    
on
    + FullyQualifiedE 
   rrorId : NativeCo  
  mmandError
 

./node_modules/rechart
s/es6/util/ReactUtils.
js
Module not found: 
Can't resolve 
'react-is'

https://nextjs.org/doc
s/messages/module-not-
found

Import trace for 
requested module:
./node_modules/rechart
s/es6/cartesian/Bar.js
__barrel_optimize__?na
mes=Bar,BarChart,Carte
sianGrid,Cell,Responsi
veContainer,Tooltip,XA
xis,YAxis!=!./node_mod
ules/recharts/es6/inde
x.js
./app/dashboard/compon
ents/IngredientUsageCh
art.tsx
./app/dashboard/page.t
sx


> Build failed 
because of webpack 
errors
